20:02:46 **** Build of configuration Debug for project 000Hello ****
make -j16 all 
arm-none-eabi-gcc "../Thirdparty/FreeRTOS/portable/MemMang/heap_4.c" -mcpu=cortex-m4 -std=gnu11 -g3 -DDEBUG -DUSE_HAL_DRIVER -DSTM32F429xx -c -I../Core/Inc -I"C:/Users/pubud/OneDrive/Desktop/Learning/01 Firmware/02 Udemy - FreeRTOS/workspace/000Hello/Thirdparty/FreeRTOS/include" -I"C:/Users/pubud/OneDrive/Desktop/Learning/01 Firmware/02 Udemy - FreeRTOS/workspace/000Hello/Thirdparty/FreeRTOS" -I"C:/Users/pubud/OneDrive/Desktop/Learning/01 Firmware/02 Udemy - FreeRTOS/workspace/000Hello/Thirdparty/FreeRTOS/portable/GCC/ARM_CM4F" -I../Drivers/STM32F4xx_HAL_Driver/Inc -I../Drivers/STM32F4xx_HAL_Driver/Inc/Legacy -I../Drivers/CMSIS/Device/ST/STM32F4xx/Include -I../Drivers/CMSIS/Include -O0 -ffunction-sections -fdata-sections -Wall -fstack-usage -fcyclomatic-complexity -MMD -MP -MF"Thirdparty/FreeRTOS/portable/MemMang/heap_4.d" -MT"Thirdparty/FreeRTOS/portable/MemMang/heap_4.o" --specs=nano.specs -mfpu=fpv4-sp-d16 -mfloat-abi=hard -mthumb -o "Thirdparty/FreeRTOS/portable/MemMang/heap_4.o"
arm-none-eabi-gcc "../Thirdparty/FreeRTOS/portable/GCC/ARM_CM4F/port.c" -mcpu=cortex-m4 -std=gnu11 -g3 -DDEBUG -DUSE_HAL_DRIVER -DSTM32F429xx -c -I../Core/Inc -I"C:/Users/pubud/OneDrive/Desktop/Learning/01 Firmware/02 Udemy - FreeRTOS/workspace/000Hello/Thirdparty/FreeRTOS/include" -I"C:/Users/pubud/OneDrive/Desktop/Learning/01 Firmware/02 Udemy - FreeRTOS/workspace/000Hello/Thirdparty/FreeRTOS" -I"C:/Users/pubud/OneDrive/Desktop/Learning/01 Firmware/02 Udemy - FreeRTOS/workspace/000Hello/Thirdparty/FreeRTOS/portable/GCC/ARM_CM4F" -I../Drivers/STM32F4xx_HAL_Driver/Inc -I../Drivers/STM32F4xx_HAL_Driver/Inc/Legacy -I../Drivers/CMSIS/Device/ST/STM32F4xx/Include -I../Drivers/CMSIS/Include -O0 -ffunction-sections -fdata-sections -Wall -fstack-usage -fcyclomatic-complexity -MMD -MP -MF"Thirdparty/FreeRTOS/portable/GCC/ARM_CM4F/port.d" -MT"Thirdparty/FreeRTOS/portable/GCC/ARM_CM4F/port.o" --specs=nano.specs -mfpu=fpv4-sp-d16 -mfloat-abi=hard -mthumb -o "Thirdparty/FreeRTOS/portable/GCC/ARM_CM4F/port.o"
arm-none-eabi-gcc "../Thirdparty/FreeRTOS/croutine.c" -mcpu=cortex-m4 -std=gnu11 -g3 -DDEBUG -DUSE_HAL_DRIVER -DSTM32F429xx -c -I../Core/Inc -I"C:/Users/pubud/OneDrive/Desktop/Learning/01 Firmware/02 Udemy - FreeRTOS/workspace/000Hello/Thirdparty/FreeRTOS/include" -I"C:/Users/pubud/OneDrive/Desktop/Learning/01 Firmware/02 Udemy - FreeRTOS/workspace/000Hello/Thirdparty/FreeRTOS" -I"C:/Users/pubud/OneDrive/Desktop/Learning/01 Firmware/02 Udemy - FreeRTOS/workspace/000Hello/Thirdparty/FreeRTOS/portable/GCC/ARM_CM4F" -I../Drivers/STM32F4xx_HAL_Driver/Inc -I../Drivers/STM32F4xx_HAL_Driver/Inc/Legacy -I../Drivers/CMSIS/Device/ST/STM32F4xx/Include -I../Drivers/CMSIS/Include -O0 -ffunction-sections -fdata-sections -Wall -fstack-usage -fcyclomatic-complexity -MMD -MP -MF"Thirdparty/FreeRTOS/croutine.d" -MT"Thirdparty/FreeRTOS/croutine.o" --specs=nano.specs -mfpu=fpv4-sp-d16 -mfloat-abi=hard -mthumb -o "Thirdparty/FreeRTOS/croutine.o"
arm-none-eabi-gcc "../Thirdparty/FreeRTOS/event_groups.c" -mcpu=cortex-m4 -std=gnu11 -g3 -DDEBUG -DUSE_HAL_DRIVER -DSTM32F429xx -c -I../Core/Inc -I"C:/Users/pubud/OneDrive/Desktop/Learning/01 Firmware/02 Udemy - FreeRTOS/workspace/000Hello/Thirdparty/FreeRTOS/include" -I"C:/Users/pubud/OneDrive/Desktop/Learning/01 Firmware/02 Udemy - FreeRTOS/workspace/000Hello/Thirdparty/FreeRTOS" -I"C:/Users/pubud/OneDrive/Desktop/Learning/01 Firmware/02 Udemy - FreeRTOS/workspace/000Hello/Thirdparty/FreeRTOS/portable/GCC/ARM_CM4F" -I../Drivers/STM32F4xx_HAL_Driver/Inc -I../Drivers/STM32F4xx_HAL_Driver/Inc/Legacy -I../Drivers/CMSIS/Device/ST/STM32F4xx/Include -I../Drivers/CMSIS/Include -O0 -ffunction-sections -fdata-sections -Wall -fstack-usage -fcyclomatic-complexity -MMD -MP -MF"Thirdparty/FreeRTOS/event_groups.d" -MT"Thirdparty/FreeRTOS/event_groups.o" --specs=nano.specs -mfpu=fpv4-sp-d16 -mfloat-abi=hard -mthumb -o "Thirdparty/FreeRTOS/event_groups.o"
arm-none-eabi-gcc "../Thirdparty/FreeRTOS/list.c" -mcpu=cortex-m4 -std=gnu11 -g3 -DDEBUG -DUSE_HAL_DRIVER -DSTM32F429xx -c -I../Core/Inc -I"C:/Users/pubud/OneDrive/Desktop/Learning/01 Firmware/02 Udemy - FreeRTOS/workspace/000Hello/Thirdparty/FreeRTOS/include" -I"C:/Users/pubud/OneDrive/Desktop/Learning/01 Firmware/02 Udemy - FreeRTOS/workspace/000Hello/Thirdparty/FreeRTOS" -I"C:/Users/pubud/OneDrive/Desktop/Learning/01 Firmware/02 Udemy - FreeRTOS/workspace/000Hello/Thirdparty/FreeRTOS/portable/GCC/ARM_CM4F" -I../Drivers/STM32F4xx_HAL_Driver/Inc -I../Drivers/STM32F4xx_HAL_Driver/Inc/Legacy -I../Drivers/CMSIS/Device/ST/STM32F4xx/Include -I../Drivers/CMSIS/Include -O0 -ffunction-sections -fdata-sections -Wall -fstack-usage -fcyclomatic-complexity -MMD -MP -MF"Thirdparty/FreeRTOS/list.d" -MT"Thirdparty/FreeRTOS/list.o" --specs=nano.specs -mfpu=fpv4-sp-d16 -mfloat-abi=hard -mthumb -o "Thirdparty/FreeRTOS/list.o"
arm-none-eabi-gcc "../Thirdparty/FreeRTOS/queue.c" -mcpu=cortex-m4 -std=gnu11 -g3 -DDEBUG -DUSE_HAL_DRIVER -DSTM32F429xx -c -I../Core/Inc -I"C:/Users/pubud/OneDrive/Desktop/Learning/01 Firmware/02 Udemy - FreeRTOS/workspace/000Hello/Thirdparty/FreeRTOS/include" -I"C:/Users/pubud/OneDrive/Desktop/Learning/01 Firmware/02 Udemy - FreeRTOS/workspace/000Hello/Thirdparty/FreeRTOS" -I"C:/Users/pubud/OneDrive/Desktop/Learning/01 Firmware/02 Udemy - FreeRTOS/workspace/000Hello/Thirdparty/FreeRTOS/portable/GCC/ARM_CM4F" -I../Drivers/STM32F4xx_HAL_Driver/Inc -I../Drivers/STM32F4xx_HAL_Driver/Inc/Legacy -I../Drivers/CMSIS/Device/ST/STM32F4xx/Include -I../Drivers/CMSIS/Include -O0 -ffunction-sections -fdata-sections -Wall -fstack-usage -fcyclomatic-complexity -MMD -MP -MF"Thirdparty/FreeRTOS/queue.d" -MT"Thirdparty/FreeRTOS/queue.o" --specs=nano.specs -mfpu=fpv4-sp-d16 -mfloat-abi=hard -mthumb -o "Thirdparty/FreeRTOS/queue.o"
arm-none-eabi-gcc "../Thirdparty/FreeRTOS/stream_buffer.c" -mcpu=cortex-m4 -std=gnu11 -g3 -DDEBUG -DUSE_HAL_DRIVER -DSTM32F429xx -c -I../Core/Inc -I"C:/Users/pubud/OneDrive/Desktop/Learning/01 Firmware/02 Udemy - FreeRTOS/workspace/000Hello/Thirdparty/FreeRTOS/include" -I"C:/Users/pubud/OneDrive/Desktop/Learning/01 Firmware/02 Udemy - FreeRTOS/workspace/000Hello/Thirdparty/FreeRTOS" -I"C:/Users/pubud/OneDrive/Desktop/Learning/01 Firmware/02 Udemy - FreeRTOS/workspace/000Hello/Thirdparty/FreeRTOS/portable/GCC/ARM_CM4F" -I../Drivers/STM32F4xx_HAL_Driver/Inc -I../Drivers/STM32F4xx_HAL_Driver/Inc/Legacy -I../Drivers/CMSIS/Device/ST/STM32F4xx/Include -I../Drivers/CMSIS/Include -O0 -ffunction-sections -fdata-sections -Wall -fstack-usage -fcyclomatic-complexity -MMD -MP -MF"Thirdparty/FreeRTOS/stream_buffer.d" -MT"Thirdparty/FreeRTOS/stream_buffer.o" --specs=nano.specs -mfpu=fpv4-sp-d16 -mfloat-abi=hard -mthumb -o "Thirdparty/FreeRTOS/stream_buffer.o"
arm-none-eabi-gcc "../Thirdparty/FreeRTOS/tasks.c" -mcpu=cortex-m4 -std=gnu11 -g3 -DDEBUG -DUSE_HAL_DRIVER -DSTM32F429xx -c -I../Core/Inc -I"C:/Users/pubud/OneDrive/Desktop/Learning/01 Firmware/02 Udemy - FreeRTOS/workspace/000Hello/Thirdparty/FreeRTOS/include" -I"C:/Users/pubud/OneDrive/Desktop/Learning/01 Firmware/02 Udemy - FreeRTOS/workspace/000Hello/Thirdparty/FreeRTOS" -I"C:/Users/pubud/OneDrive/Desktop/Learning/01 Firmware/02 Udemy - FreeRTOS/workspace/000Hello/Thirdparty/FreeRTOS/portable/GCC/ARM_CM4F" -I../Drivers/STM32F4xx_HAL_Driver/Inc -I../Drivers/STM32F4xx_HAL_Driver/Inc/Legacy -I../Drivers/CMSIS/Device/ST/STM32F4xx/Include -I../Drivers/CMSIS/Include -O0 -ffunction-sections -fdata-sections -Wall -fstack-usage -fcyclomatic-complexity -MMD -MP -MF"Thirdparty/FreeRTOS/tasks.d" -MT"Thirdparty/FreeRTOS/tasks.o" --specs=nano.specs -mfpu=fpv4-sp-d16 -mfloat-abi=hard -mthumb -o "Thirdparty/FreeRTOS/tasks.o"
arm-none-eabi-gcc "../Thirdparty/FreeRTOS/timers.c" -mcpu=cortex-m4 -std=gnu11 -g3 -DDEBUG -DUSE_HAL_DRIVER -DSTM32F429xx -c -I../Core/Inc -I"C:/Users/pubud/OneDrive/Desktop/Learning/01 Firmware/02 Udemy - FreeRTOS/workspace/000Hello/Thirdparty/FreeRTOS/include" -I"C:/Users/pubud/OneDrive/Desktop/Learning/01 Firmware/02 Udemy - FreeRTOS/workspace/000Hello/Thirdparty/FreeRTOS" -I"C:/Users/pubud/OneDrive/Desktop/Learning/01 Firmware/02 Udemy - FreeRTOS/workspace/000Hello/Thirdparty/FreeRTOS/portable/GCC/ARM_CM4F" -I../Drivers/STM32F4xx_HAL_Driver/Inc -I../Drivers/STM32F4xx_HAL_Driver/Inc/Legacy -I../Drivers/CMSIS/Device/ST/STM32F4xx/Include -I../Drivers/CMSIS/Include -O0 -ffunction-sections -fdata-sections -Wall -fstack-usage -fcyclomatic-complexity -MMD -MP -MF"Thirdparty/FreeRTOS/timers.d" -MT"Thirdparty/FreeRTOS/timers.o" --specs=nano.specs -mfpu=fpv4-sp-d16 -mfloat-abi=hard -mthumb -o "Thirdparty/FreeRTOS/timers.o"
arm-none-eabi-gcc "../Drivers/STM32F4xx_HAL_Driver/Src/stm32f4xx_hal.c" -mcpu=cortex-m4 -std=gnu11 -g3 -DDEBUG -DUSE_HAL_DRIVER -DSTM32F429xx -c -I../Core/Inc -I"C:/Users/pubud/OneDrive/Desktop/Learning/01 Firmware/02 Udemy - FreeRTOS/workspace/000Hello/Thirdparty/FreeRTOS/include" -I"C:/Users/pubud/OneDrive/Desktop/Learning/01 Firmware/02 Udemy - FreeRTOS/workspace/000Hello/Thirdparty/FreeRTOS" -I"C:/Users/pubud/OneDrive/Desktop/Learning/01 Firmware/02 Udemy - FreeRTOS/workspace/000Hello/Thirdparty/FreeRTOS/portable/GCC/ARM_CM4F" -I../Drivers/STM32F4xx_HAL_Driver/Inc -I../Drivers/STM32F4xx_HAL_Driver/Inc/Legacy -I../Drivers/CMSIS/Device/ST/STM32F4xx/Include -I../Drivers/CMSIS/Include -O0 -ffunction-sections -fdata-sections -Wall -fstack-usage -fcyclomatic-complexity -MMD -MP -MF"Drivers/STM32F4xx_HAL_Driver/Src/stm32f4xx_hal.d" -MT"Drivers/STM32F4xx_HAL_Driver/Src/stm32f4xx_hal.o" --specs=nano.specs -mfpu=fpv4-sp-d16 -mfloat-abi=hard -mthumb -o "Drivers/STM32F4xx_HAL_Driver/Src/stm32f4xx_hal.o"
arm-none-eabi-gcc "../Drivers/STM32F4xx_HAL_Driver/Src/stm32f4xx_hal_cortex.c" -mcpu=cortex-m4 -std=gnu11 -g3 -DDEBUG -DUSE_HAL_DRIVER -DSTM32F429xx -c -I../Core/Inc -I"C:/Users/pubud/OneDrive/Desktop/Learning/01 Firmware/02 Udemy - FreeRTOS/workspace/000Hello/Thirdparty/FreeRTOS/include" -I"C:/Users/pubud/OneDrive/Desktop/Learning/01 Firmware/02 Udemy - FreeRTOS/workspace/000Hello/Thirdparty/FreeRTOS" -I"C:/Users/pubud/OneDrive/Desktop/Learning/01 Firmware/02 Udemy - FreeRTOS/workspace/000Hello/Thirdparty/FreeRTOS/portable/GCC/ARM_CM4F" -I../Drivers/STM32F4xx_HAL_Driver/Inc -I../Drivers/STM32F4xx_HAL_Driver/Inc/Legacy -I../Drivers/CMSIS/Device/ST/STM32F4xx/Include -I../Drivers/CMSIS/Include -O0 -ffunction-sections -fdata-sections -Wall -fstack-usage -fcyclomatic-complexity -MMD -MP -MF"Drivers/STM32F4xx_HAL_Driver/Src/stm32f4xx_hal_cortex.d" -MT"Drivers/STM32F4xx_HAL_Driver/Src/stm32f4xx_hal_cortex.o" --specs=nano.specs -mfpu=fpv4-sp-d16 -mfloat-abi=hard -mthumb -o "Drivers/STM32F4xx_HAL_Driver/Src/stm32f4xx_hal_cortex.o"
arm-none-eabi-gcc "../Drivers/STM32F4xx_HAL_Driver/Src/stm32f4xx_hal_dma.c" -mcpu=cortex-m4 -std=gnu11 -g3 -DDEBUG -DUSE_HAL_DRIVER -DSTM32F429xx -c -I../Core/Inc -I"C:/Users/pubud/OneDrive/Desktop/Learning/01 Firmware/02 Udemy - FreeRTOS/workspace/000Hello/Thirdparty/FreeRTOS/include" -I"C:/Users/pubud/OneDrive/Desktop/Learning/01 Firmware/02 Udemy - FreeRTOS/workspace/000Hello/Thirdparty/FreeRTOS" -I"C:/Users/pubud/OneDrive/Desktop/Learning/01 Firmware/02 Udemy - FreeRTOS/workspace/000Hello/Thirdparty/FreeRTOS/portable/GCC/ARM_CM4F" -I../Drivers/STM32F4xx_HAL_Driver/Inc -I../Drivers/STM32F4xx_HAL_Driver/Inc/Legacy -I../Drivers/CMSIS/Device/ST/STM32F4xx/Include -I../Drivers/CMSIS/Include -O0 -ffunction-sections -fdata-sections -Wall -fstack-usage -fcyclomatic-complexity -MMD -MP -MF"Drivers/STM32F4xx_HAL_Driver/Src/stm32f4xx_hal_dma.d" -MT"Drivers/STM32F4xx_HAL_Driver/Src/stm32f4xx_hal_dma.o" --specs=nano.specs -mfpu=fpv4-sp-d16 -mfloat-abi=hard -mthumb -o "Drivers/STM32F4xx_HAL_Driver/Src/stm32f4xx_hal_dma.o"
arm-none-eabi-gcc "../Drivers/STM32F4xx_HAL_Driver/Src/stm32f4xx_hal_dma_ex.c" -mcpu=cortex-m4 -std=gnu11 -g3 -DDEBUG -DUSE_HAL_DRIVER -DSTM32F429xx -c -I../Core/Inc -I"C:/Users/pubud/OneDrive/Desktop/Learning/01 Firmware/02 Udemy - FreeRTOS/workspace/000Hello/Thirdparty/FreeRTOS/include" -I"C:/Users/pubud/OneDrive/Desktop/Learning/01 Firmware/02 Udemy - FreeRTOS/workspace/000Hello/Thirdparty/FreeRTOS" -I"C:/Users/pubud/OneDrive/Desktop/Learning/01 Firmware/02 Udemy - FreeRTOS/workspace/000Hello/Thirdparty/FreeRTOS/portable/GCC/ARM_CM4F" -I../Drivers/STM32F4xx_HAL_Driver/Inc -I../Drivers/STM32F4xx_HAL_Driver/Inc/Legacy -I../Drivers/CMSIS/Device/ST/STM32F4xx/Include -I../Drivers/CMSIS/Include -O0 -ffunction-sections -fdata-sections -Wall -fstack-usage -fcyclomatic-complexity -MMD -MP -MF"Drivers/STM32F4xx_HAL_Driver/Src/stm32f4xx_hal_dma_ex.d" -MT"Drivers/STM32F4xx_HAL_Driver/Src/stm32f4xx_hal_dma_ex.o" --specs=nano.specs -mfpu=fpv4-sp-d16 -mfloat-abi=hard -mthumb -o "Drivers/STM32F4xx_HAL_Driver/Src/stm32f4xx_hal_dma_ex.o"
arm-none-eabi-gcc "../Drivers/STM32F4xx_HAL_Driver/Src/stm32f4xx_hal_exti.c" -mcpu=cortex-m4 -std=gnu11 -g3 -DDEBUG -DUSE_HAL_DRIVER -DSTM32F429xx -c -I../Core/Inc -I"C:/Users/pubud/OneDrive/Desktop/Learning/01 Firmware/02 Udemy - FreeRTOS/workspace/000Hello/Thirdparty/FreeRTOS/include" -I"C:/Users/pubud/OneDrive/Desktop/Learning/01 Firmware/02 Udemy - FreeRTOS/workspace/000Hello/Thirdparty/FreeRTOS" -I"C:/Users/pubud/OneDrive/Desktop/Learning/01 Firmware/02 Udemy - FreeRTOS/workspace/000Hello/Thirdparty/FreeRTOS/portable/GCC/ARM_CM4F" -I../Drivers/STM32F4xx_HAL_Driver/Inc -I../Drivers/STM32F4xx_HAL_Driver/Inc/Legacy -I../Drivers/CMSIS/Device/ST/STM32F4xx/Include -I../Drivers/CMSIS/Include -O0 -ffunction-sections -fdata-sections -Wall -fstack-usage -fcyclomatic-complexity -MMD -MP -MF"Drivers/STM32F4xx_HAL_Driver/Src/stm32f4xx_hal_exti.d" -MT"Drivers/STM32F4xx_HAL_Driver/Src/stm32f4xx_hal_exti.o" --specs=nano.specs -mfpu=fpv4-sp-d16 -mfloat-abi=hard -mthumb -o "Drivers/STM32F4xx_HAL_Driver/Src/stm32f4xx_hal_exti.o"
arm-none-eabi-gcc "../Drivers/STM32F4xx_HAL_Driver/Src/stm32f4xx_hal_flash.c" -mcpu=cortex-m4 -std=gnu11 -g3 -DDEBUG -DUSE_HAL_DRIVER -DSTM32F429xx -c -I../Core/Inc -I"C:/Users/pubud/OneDrive/Desktop/Learning/01 Firmware/02 Udemy - FreeRTOS/workspace/000Hello/Thirdparty/FreeRTOS/include" -I"C:/Users/pubud/OneDrive/Desktop/Learning/01 Firmware/02 Udemy - FreeRTOS/workspace/000Hello/Thirdparty/FreeRTOS" -I"C:/Users/pubud/OneDrive/Desktop/Learning/01 Firmware/02 Udemy - FreeRTOS/workspace/000Hello/Thirdparty/FreeRTOS/portable/GCC/ARM_CM4F" -I../Drivers/STM32F4xx_HAL_Driver/Inc -I../Drivers/STM32F4xx_HAL_Driver/Inc/Legacy -I../Drivers/CMSIS/Device/ST/STM32F4xx/Include -I../Drivers/CMSIS/Include -O0 -ffunction-sections -fdata-sections -Wall -fstack-usage -fcyclomatic-complexity -MMD -MP -MF"Drivers/STM32F4xx_HAL_Driver/Src/stm32f4xx_hal_flash.d" -MT"Drivers/STM32F4xx_HAL_Driver/Src/stm32f4xx_hal_flash.o" --specs=nano.specs -mfpu=fpv4-sp-d16 -mfloat-abi=hard -mthumb -o "Drivers/STM32F4xx_HAL_Driver/Src/stm32f4xx_hal_flash.o"
arm-none-eabi-gcc "../Drivers/STM32F4xx_HAL_Driver/Src/stm32f4xx_hal_flash_ex.c" -mcpu=cortex-m4 -std=gnu11 -g3 -DDEBUG -DUSE_HAL_DRIVER -DSTM32F429xx -c -I../Core/Inc -I"C:/Users/pubud/OneDrive/Desktop/Learning/01 Firmware/02 Udemy - FreeRTOS/workspace/000Hello/Thirdparty/FreeRTOS/include" -I"C:/Users/pubud/OneDrive/Desktop/Learning/01 Firmware/02 Udemy - FreeRTOS/workspace/000Hello/Thirdparty/FreeRTOS" -I"C:/Users/pubud/OneDrive/Desktop/Learning/01 Firmware/02 Udemy - FreeRTOS/workspace/000Hello/Thirdparty/FreeRTOS/portable/GCC/ARM_CM4F" -I../Drivers/STM32F4xx_HAL_Driver/Inc -I../Drivers/STM32F4xx_HAL_Driver/Inc/Legacy -I../Drivers/CMSIS/Device/ST/STM32F4xx/Include -I../Drivers/CMSIS/Include -O0 -ffunction-sections -fdata-sections -Wall -fstack-usage -fcyclomatic-complexity -MMD -MP -MF"Drivers/STM32F4xx_HAL_Driver/Src/stm32f4xx_hal_flash_ex.d" -MT"Drivers/STM32F4xx_HAL_Driver/Src/stm32f4xx_hal_flash_ex.o" --specs=nano.specs -mfpu=fpv4-sp-d16 -mfloat-abi=hard -mthumb -o "Drivers/STM32F4xx_HAL_Driver/Src/stm32f4xx_hal_flash_ex.o"
arm-none-eabi-gcc "../Drivers/STM32F4xx_HAL_Driver/Src/stm32f4xx_hal_flash_ramfunc.c" -mcpu=cortex-m4 -std=gnu11 -g3 -DDEBUG -DUSE_HAL_DRIVER -DSTM32F429xx -c -I../Core/Inc -I"C:/Users/pubud/OneDrive/Desktop/Learning/01 Firmware/02 Udemy - FreeRTOS/workspace/000Hello/Thirdparty/FreeRTOS/include" -I"C:/Users/pubud/OneDrive/Desktop/Learning/01 Firmware/02 Udemy - FreeRTOS/workspace/000Hello/Thirdparty/FreeRTOS" -I"C:/Users/pubud/OneDrive/Desktop/Learning/01 Firmware/02 Udemy - FreeRTOS/workspace/000Hello/Thirdparty/FreeRTOS/portable/GCC/ARM_CM4F" -I../Drivers/STM32F4xx_HAL_Driver/Inc -I../Drivers/STM32F4xx_HAL_Driver/Inc/Legacy -I../Drivers/CMSIS/Device/ST/STM32F4xx/Include -I../Drivers/CMSIS/Include -O0 -ffunction-sections -fdata-sections -Wall -fstack-usage -fcyclomatic-complexity -MMD -MP -MF"Drivers/STM32F4xx_HAL_Driver/Src/stm32f4xx_hal_flash_ramfunc.d" -MT"Drivers/STM32F4xx_HAL_Driver/Src/stm32f4xx_hal_flash_ramfunc.o" --specs=nano.specs -mfpu=fpv4-sp-d16 -mfloat-abi=hard -mthumb -o "Drivers/STM32F4xx_HAL_Driver/Src/stm32f4xx_hal_flash_ramfunc.o"
arm-none-eabi-gcc "../Drivers/STM32F4xx_HAL_Driver/Src/stm32f4xx_hal_gpio.c" -mcpu=cortex-m4 -std=gnu11 -g3 -DDEBUG -DUSE_HAL_DRIVER -DSTM32F429xx -c -I../Core/Inc -I"C:/Users/pubud/OneDrive/Desktop/Learning/01 Firmware/02 Udemy - FreeRTOS/workspace/000Hello/Thirdparty/FreeRTOS/include" -I"C:/Users/pubud/OneDrive/Desktop/Learning/01 Firmware/02 Udemy - FreeRTOS/workspace/000Hello/Thirdparty/FreeRTOS" -I"C:/Users/pubud/OneDrive/Desktop/Learning/01 Firmware/02 Udemy - FreeRTOS/workspace/000Hello/Thirdparty/FreeRTOS/portable/GCC/ARM_CM4F" -I../Drivers/STM32F4xx_HAL_Driver/Inc -I../Drivers/STM32F4xx_HAL_Driver/Inc/Legacy -I../Drivers/CMSIS/Device/ST/STM32F4xx/Include -I../Drivers/CMSIS/Include -O0 -ffunction-sections -fdata-sections -Wall -fstack-usage -fcyclomatic-complexity -MMD -MP -MF"Drivers/STM32F4xx_HAL_Driver/Src/stm32f4xx_hal_gpio.d" -MT"Drivers/STM32F4xx_HAL_Driver/Src/stm32f4xx_hal_gpio.o" --specs=nano.specs -mfpu=fpv4-sp-d16 -mfloat-abi=hard -mthumb -o "Drivers/STM32F4xx_HAL_Driver/Src/stm32f4xx_hal_gpio.o"
arm-none-eabi-gcc "../Drivers/STM32F4xx_HAL_Driver/Src/stm32f4xx_hal_pwr.c" -mcpu=cortex-m4 -std=gnu11 -g3 -DDEBUG -DUSE_HAL_DRIVER -DSTM32F429xx -c -I../Core/Inc -I"C:/Users/pubud/OneDrive/Desktop/Learning/01 Firmware/02 Udemy - FreeRTOS/workspace/000Hello/Thirdparty/FreeRTOS/include" -I"C:/Users/pubud/OneDrive/Desktop/Learning/01 Firmware/02 Udemy - FreeRTOS/workspace/000Hello/Thirdparty/FreeRTOS" -I"C:/Users/pubud/OneDrive/Desktop/Learning/01 Firmware/02 Udemy - FreeRTOS/workspace/000Hello/Thirdparty/FreeRTOS/portable/GCC/ARM_CM4F" -I../Drivers/STM32F4xx_HAL_Driver/Inc -I../Drivers/STM32F4xx_HAL_Driver/Inc/Legacy -I../Drivers/CMSIS/Device/ST/STM32F4xx/Include -I../Drivers/CMSIS/Include -O0 -ffunction-sections -fdata-sections -Wall -fstack-usage -fcyclomatic-complexity -MMD -MP -MF"Drivers/STM32F4xx_HAL_Driver/Src/stm32f4xx_hal_pwr.d" -MT"Drivers/STM32F4xx_HAL_Driver/Src/stm32f4xx_hal_pwr.o" --specs=nano.specs -mfpu=fpv4-sp-d16 -mfloat-abi=hard -mthumb -o "Drivers/STM32F4xx_HAL_Driver/Src/stm32f4xx_hal_pwr.o"
arm-none-eabi-gcc "../Drivers/STM32F4xx_HAL_Driver/Src/stm32f4xx_hal_pwr_ex.c" -mcpu=cortex-m4 -std=gnu11 -g3 -DDEBUG -DUSE_HAL_DRIVER -DSTM32F429xx -c -I../Core/Inc -I"C:/Users/pubud/OneDrive/Desktop/Learning/01 Firmware/02 Udemy - FreeRTOS/workspace/000Hello/Thirdparty/FreeRTOS/include" -I"C:/Users/pubud/OneDrive/Desktop/Learning/01 Firmware/02 Udemy - FreeRTOS/workspace/000Hello/Thirdparty/FreeRTOS" -I"C:/Users/pubud/OneDrive/Desktop/Learning/01 Firmware/02 Udemy - FreeRTOS/workspace/000Hello/Thirdparty/FreeRTOS/portable/GCC/ARM_CM4F" -I../Drivers/STM32F4xx_HAL_Driver/Inc -I../Drivers/STM32F4xx_HAL_Driver/Inc/Legacy -I../Drivers/CMSIS/Device/ST/STM32F4xx/Include -I../Drivers/CMSIS/Include -O0 -ffunction-sections -fdata-sections -Wall -fstack-usage -fcyclomatic-complexity -MMD -MP -MF"Drivers/STM32F4xx_HAL_Driver/Src/stm32f4xx_hal_pwr_ex.d" -MT"Drivers/STM32F4xx_HAL_Driver/Src/stm32f4xx_hal_pwr_ex.o" --specs=nano.specs -mfpu=fpv4-sp-d16 -mfloat-abi=hard -mthumb -o "Drivers/STM32F4xx_HAL_Driver/Src/stm32f4xx_hal_pwr_ex.o"
arm-none-eabi-gcc "../Drivers/STM32F4xx_HAL_Driver/Src/stm32f4xx_hal_rcc.c" -mcpu=cortex-m4 -std=gnu11 -g3 -DDEBUG -DUSE_HAL_DRIVER -DSTM32F429xx -c -I../Core/Inc -I"C:/Users/pubud/OneDrive/Desktop/Learning/01 Firmware/02 Udemy - FreeRTOS/workspace/000Hello/Thirdparty/FreeRTOS/include" -I"C:/Users/pubud/OneDrive/Desktop/Learning/01 Firmware/02 Udemy - FreeRTOS/workspace/000Hello/Thirdparty/FreeRTOS" -I"C:/Users/pubud/OneDrive/Desktop/Learning/01 Firmware/02 Udemy - FreeRTOS/workspace/000Hello/Thirdparty/FreeRTOS/portable/GCC/ARM_CM4F" -I../Drivers/STM32F4xx_HAL_Driver/Inc -I../Drivers/STM32F4xx_HAL_Driver/Inc/Legacy -I../Drivers/CMSIS/Device/ST/STM32F4xx/Include -I../Drivers/CMSIS/Include -O0 -ffunction-sections -fdata-sections -Wall -fstack-usage -fcyclomatic-complexity -MMD -MP -MF"Drivers/STM32F4xx_HAL_Driver/Src/stm32f4xx_hal_rcc.d" -MT"Drivers/STM32F4xx_HAL_Driver/Src/stm32f4xx_hal_rcc.o" --specs=nano.specs -mfpu=fpv4-sp-d16 -mfloat-abi=hard -mthumb -o "Drivers/STM32F4xx_HAL_Driver/Src/stm32f4xx_hal_rcc.o"
arm-none-eabi-gcc "../Drivers/STM32F4xx_HAL_Driver/Src/stm32f4xx_hal_rcc_ex.c" -mcpu=cortex-m4 -std=gnu11 -g3 -DDEBUG -DUSE_HAL_DRIVER -DSTM32F429xx -c -I../Core/Inc -I"C:/Users/pubud/OneDrive/Desktop/Learning/01 Firmware/02 Udemy - FreeRTOS/workspace/000Hello/Thirdparty/FreeRTOS/include" -I"C:/Users/pubud/OneDrive/Desktop/Learning/01 Firmware/02 Udemy - FreeRTOS/workspace/000Hello/Thirdparty/FreeRTOS" -I"C:/Users/pubud/OneDrive/Desktop/Learning/01 Firmware/02 Udemy - FreeRTOS/workspace/000Hello/Thirdparty/FreeRTOS/portable/GCC/ARM_CM4F" -I../Drivers/STM32F4xx_HAL_Driver/Inc -I../Drivers/STM32F4xx_HAL_Driver/Inc/Legacy -I../Drivers/CMSIS/Device/ST/STM32F4xx/Include -I../Drivers/CMSIS/Include -O0 -ffunction-sections -fdata-sections -Wall -fstack-usage -fcyclomatic-complexity -MMD -MP -MF"Drivers/STM32F4xx_HAL_Driver/Src/stm32f4xx_hal_rcc_ex.d" -MT"Drivers/STM32F4xx_HAL_Driver/Src/stm32f4xx_hal_rcc_ex.o" --specs=nano.specs -mfpu=fpv4-sp-d16 -mfloat-abi=hard -mthumb -o "Drivers/STM32F4xx_HAL_Driver/Src/stm32f4xx_hal_rcc_ex.o"
arm-none-eabi-gcc "../Drivers/STM32F4xx_HAL_Driver/Src/stm32f4xx_hal_tim.c" -mcpu=cortex-m4 -std=gnu11 -g3 -DDEBUG -DUSE_HAL_DRIVER -DSTM32F429xx -c -I../Core/Inc -I"C:/Users/pubud/OneDrive/Desktop/Learning/01 Firmware/02 Udemy - FreeRTOS/workspace/000Hello/Thirdparty/FreeRTOS/include" -I"C:/Users/pubud/OneDrive/Desktop/Learning/01 Firmware/02 Udemy - FreeRTOS/workspace/000Hello/Thirdparty/FreeRTOS" -I"C:/Users/pubud/OneDrive/Desktop/Learning/01 Firmware/02 Udemy - FreeRTOS/workspace/000Hello/Thirdparty/FreeRTOS/portable/GCC/ARM_CM4F" -I../Drivers/STM32F4xx_HAL_Driver/Inc -I../Drivers/STM32F4xx_HAL_Driver/Inc/Legacy -I../Drivers/CMSIS/Device/ST/STM32F4xx/Include -I../Drivers/CMSIS/Include -O0 -ffunction-sections -fdata-sections -Wall -fstack-usage -fcyclomatic-complexity -MMD -MP -MF"Drivers/STM32F4xx_HAL_Driver/Src/stm32f4xx_hal_tim.d" -MT"Drivers/STM32F4xx_HAL_Driver/Src/stm32f4xx_hal_tim.o" --specs=nano.specs -mfpu=fpv4-sp-d16 -mfloat-abi=hard -mthumb -o "Drivers/STM32F4xx_HAL_Driver/Src/stm32f4xx_hal_tim.o"
arm-none-eabi-gcc "../Drivers/STM32F4xx_HAL_Driver/Src/stm32f4xx_hal_tim_ex.c" -mcpu=cortex-m4 -std=gnu11 -g3 -DDEBUG -DUSE_HAL_DRIVER -DSTM32F429xx -c -I../Core/Inc -I"C:/Users/pubud/OneDrive/Desktop/Learning/01 Firmware/02 Udemy - FreeRTOS/workspace/000Hello/Thirdparty/FreeRTOS/include" -I"C:/Users/pubud/OneDrive/Desktop/Learning/01 Firmware/02 Udemy - FreeRTOS/workspace/000Hello/Thirdparty/FreeRTOS" -I"C:/Users/pubud/OneDrive/Desktop/Learning/01 Firmware/02 Udemy - FreeRTOS/workspace/000Hello/Thirdparty/FreeRTOS/portable/GCC/ARM_CM4F" -I../Drivers/STM32F4xx_HAL_Driver/Inc -I../Drivers/STM32F4xx_HAL_Driver/Inc/Legacy -I../Drivers/CMSIS/Device/ST/STM32F4xx/Include -I../Drivers/CMSIS/Include -O0 -ffunction-sections -fdata-sections -Wall -fstack-usage -fcyclomatic-complexity -MMD -MP -MF"Drivers/STM32F4xx_HAL_Driver/Src/stm32f4xx_hal_tim_ex.d" -MT"Drivers/STM32F4xx_HAL_Driver/Src/stm32f4xx_hal_tim_ex.o" --specs=nano.specs -mfpu=fpv4-sp-d16 -mfloat-abi=hard -mthumb -o "Drivers/STM32F4xx_HAL_Driver/Src/stm32f4xx_hal_tim_ex.o"
arm-none-eabi-gcc -mcpu=cortex-m4 -g3 -DDEBUG -c -x assembler-with-cpp -MMD -MP -MF"Core/Startup/startup_stm32f429zitx.d" -MT"Core/Startup/startup_stm32f429zitx.o" --specs=nano.specs -mfpu=fpv4-sp-d16 -mfloat-abi=hard -mthumb -o "Core/Startup/startup_stm32f429zitx.o" "../Core/Startup/startup_stm32f429zitx.s"
arm-none-eabi-gcc "../Core/Src/main.c" -mcpu=cortex-m4 -std=gnu11 -g3 -DDEBUG -DUSE_HAL_DRIVER -DSTM32F429xx -c -I../Core/Inc -I"C:/Users/pubud/OneDrive/Desktop/Learning/01 Firmware/02 Udemy - FreeRTOS/workspace/000Hello/Thirdparty/FreeRTOS/include" -I"C:/Users/pubud/OneDrive/Desktop/Learning/01 Firmware/02 Udemy - FreeRTOS/workspace/000Hello/Thirdparty/FreeRTOS" -I"C:/Users/pubud/OneDrive/Desktop/Learning/01 Firmware/02 Udemy - FreeRTOS/workspace/000Hello/Thirdparty/FreeRTOS/portable/GCC/ARM_CM4F" -I../Drivers/STM32F4xx_HAL_Driver/Inc -I../Drivers/STM32F4xx_HAL_Driver/Inc/Legacy -I../Drivers/CMSIS/Device/ST/STM32F4xx/Include -I../Drivers/CMSIS/Include -O0 -ffunction-sections -fdata-sections -Wall -fstack-usage -fcyclomatic-complexity -MMD -MP -MF"Core/Src/main.d" -MT"Core/Src/main.o" --specs=nano.specs -mfpu=fpv4-sp-d16 -mfloat-abi=hard -mthumb -o "Core/Src/main.o"
arm-none-eabi-gcc "../Core/Src/stm32f4xx_hal_msp.c" -mcpu=cortex-m4 -std=gnu11 -g3 -DDEBUG -DUSE_HAL_DRIVER -DSTM32F429xx -c -I../Core/Inc -I"C:/Users/pubud/OneDrive/Desktop/Learning/01 Firmware/02 Udemy - FreeRTOS/workspace/000Hello/Thirdparty/FreeRTOS/include" -I"C:/Users/pubud/OneDrive/Desktop/Learning/01 Firmware/02 Udemy - FreeRTOS/workspace/000Hello/Thirdparty/FreeRTOS" -I"C:/Users/pubud/OneDrive/Desktop/Learning/01 Firmware/02 Udemy - FreeRTOS/workspace/000Hello/Thirdparty/FreeRTOS/portable/GCC/ARM_CM4F" -I../Drivers/STM32F4xx_HAL_Driver/Inc -I../Drivers/STM32F4xx_HAL_Driver/Inc/Legacy -I../Drivers/CMSIS/Device/ST/STM32F4xx/Include -I../Drivers/CMSIS/Include -O0 -ffunction-sections -fdata-sections -Wall -fstack-usage -fcyclomatic-complexity -MMD -MP -MF"Core/Src/stm32f4xx_hal_msp.d" -MT"Core/Src/stm32f4xx_hal_msp.o" --specs=nano.specs -mfpu=fpv4-sp-d16 -mfloat-abi=hard -mthumb -o "Core/Src/stm32f4xx_hal_msp.o"
arm-none-eabi-gcc "../Core/Src/stm32f4xx_hal_timebase_tim.c" -mcpu=cortex-m4 -std=gnu11 -g3 -DDEBUG -DUSE_HAL_DRIVER -DSTM32F429xx -c -I../Core/Inc -I"C:/Users/pubud/OneDrive/Desktop/Learning/01 Firmware/02 Udemy - FreeRTOS/workspace/000Hello/Thirdparty/FreeRTOS/include" -I"C:/Users/pubud/OneDrive/Desktop/Learning/01 Firmware/02 Udemy - FreeRTOS/workspace/000Hello/Thirdparty/FreeRTOS" -I"C:/Users/pubud/OneDrive/Desktop/Learning/01 Firmware/02 Udemy - FreeRTOS/workspace/000Hello/Thirdparty/FreeRTOS/portable/GCC/ARM_CM4F" -I../Drivers/STM32F4xx_HAL_Driver/Inc -I../Drivers/STM32F4xx_HAL_Driver/Inc/Legacy -I../Drivers/CMSIS/Device/ST/STM32F4xx/Include -I../Drivers/CMSIS/Include -O0 -ffunction-sections -fdata-sections -Wall -fstack-usage -fcyclomatic-complexity -MMD -MP -MF"Core/Src/stm32f4xx_hal_timebase_tim.d" -MT"Core/Src/stm32f4xx_hal_timebase_tim.o" --specs=nano.specs -mfpu=fpv4-sp-d16 -mfloat-abi=hard -mthumb -o "Core/Src/stm32f4xx_hal_timebase_tim.o"
arm-none-eabi-gcc "../Core/Src/stm32f4xx_it.c" -mcpu=cortex-m4 -std=gnu11 -g3 -DDEBUG -DUSE_HAL_DRIVER -DSTM32F429xx -c -I../Core/Inc -I"C:/Users/pubud/OneDrive/Desktop/Learning/01 Firmware/02 Udemy - FreeRTOS/workspace/000Hello/Thirdparty/FreeRTOS/include" -I"C:/Users/pubud/OneDrive/Desktop/Learning/01 Firmware/02 Udemy - FreeRTOS/workspace/000Hello/Thirdparty/FreeRTOS" -I"C:/Users/pubud/OneDrive/Desktop/Learning/01 Firmware/02 Udemy - FreeRTOS/workspace/000Hello/Thirdparty/FreeRTOS/portable/GCC/ARM_CM4F" -I../Drivers/STM32F4xx_HAL_Driver/Inc -I../Drivers/STM32F4xx_HAL_Driver/Inc/Legacy -I../Drivers/CMSIS/Device/ST/STM32F4xx/Include -I../Drivers/CMSIS/Include -O0 -ffunction-sections -fdata-sections -Wall -fstack-usage -fcyclomatic-complexity -MMD -MP -MF"Core/Src/stm32f4xx_it.d" -MT"Core/Src/stm32f4xx_it.o" --specs=nano.specs -mfpu=fpv4-sp-d16 -mfloat-abi=hard -mthumb -o "Core/Src/stm32f4xx_it.o"
arm-none-eabi-gcc "../Core/Src/syscalls.c" -mcpu=cortex-m4 -std=gnu11 -g3 -DDEBUG -DUSE_HAL_DRIVER -DSTM32F429xx -c -I../Core/Inc -I"C:/Users/pubud/OneDrive/Desktop/Learning/01 Firmware/02 Udemy - FreeRTOS/workspace/000Hello/Thirdparty/FreeRTOS/include" -I"C:/Users/pubud/OneDrive/Desktop/Learning/01 Firmware/02 Udemy - FreeRTOS/workspace/000Hello/Thirdparty/FreeRTOS" -I"C:/Users/pubud/OneDrive/Desktop/Learning/01 Firmware/02 Udemy - FreeRTOS/workspace/000Hello/Thirdparty/FreeRTOS/portable/GCC/ARM_CM4F" -I../Drivers/STM32F4xx_HAL_Driver/Inc -I../Drivers/STM32F4xx_HAL_Driver/Inc/Legacy -I../Drivers/CMSIS/Device/ST/STM32F4xx/Include -I../Drivers/CMSIS/Include -O0 -ffunction-sections -fdata-sections -Wall -fstack-usage -fcyclomatic-complexity -MMD -MP -MF"Core/Src/syscalls.d" -MT"Core/Src/syscalls.o" --specs=nano.specs -mfpu=fpv4-sp-d16 -mfloat-abi=hard -mthumb -o "Core/Src/syscalls.o"
arm-none-eabi-gcc "../Core/Src/system_stm32f4xx.c" -mcpu=cortex-m4 -std=gnu11 -g3 -DDEBUG -DUSE_HAL_DRIVER -DSTM32F429xx -c -I../Core/Inc -I"C:/Users/pubud/OneDrive/Desktop/Learning/01 Firmware/02 Udemy - FreeRTOS/workspace/000Hello/Thirdparty/FreeRTOS/include" -I"C:/Users/pubud/OneDrive/Desktop/Learning/01 Firmware/02 Udemy - FreeRTOS/workspace/000Hello/Thirdparty/FreeRTOS" -I"C:/Users/pubud/OneDrive/Desktop/Learning/01 Firmware/02 Udemy - FreeRTOS/workspace/000Hello/Thirdparty/FreeRTOS/portable/GCC/ARM_CM4F" -I../Drivers/STM32F4xx_HAL_Driver/Inc -I../Drivers/STM32F4xx_HAL_Driver/Inc/Legacy -I../Drivers/CMSIS/Device/ST/STM32F4xx/Include -I../Drivers/CMSIS/Include -O0 -ffunction-sections -fdata-sections -Wall -fstack-usage -fcyclomatic-complexity -MMD -MP -MF"Core/Src/system_stm32f4xx.d" -MT"Core/Src/system_stm32f4xx.o" --specs=nano.specs -mfpu=fpv4-sp-d16 -mfloat-abi=hard -mthumb -o "Core/Src/system_stm32f4xx.o"
arm-none-eabi-gcc -o "000Hello.elf" @"objects.list"   -mcpu=cortex-m4 -T"C:\Users\pubud\OneDrive\Desktop\Learning\01 Firmware\02 Udemy - FreeRTOS\workspace\000Hello\STM32F429ZITX_FLASH.ld" --specs=nosys.specs -Wl,-Map="000Hello.map" -Wl,--gc-sections -static --specs=nano.specs -mfpu=fpv4-sp-d16 -mfloat-abi=hard -mthumb -Wl,--start-group -lc -lm -Wl,--end-group
Finished building target: 000Hello.elf
 
arm-none-eabi-size  000Hello.elf 
arm-none-eabi-objdump -h -S 000Hello.elf  > "000Hello.list"
   text	   data	    bss	    dec	    hex	filename
  16152	    120	  79072	  95344	  17470	000Hello.elf
Finished building: default.size.stdout
 
Finished building: 000Hello.list
 

20:02:48 Build Finished. 0 errors, 0 warnings. (took 1s.712ms)

